Traceback (most recent call last):
  File "/opt/hostedtoolcache/Python/3.13.2/x64/lib/python3.13/site-packages/jupyter_cache/executors/utils.py", line 58, in single_nb_execution
    executenb(
    ~~~~~~~~~^
        nb,
        ^^^
    ...<4 lines>...
        **kwargs,
        ^^^^^^^^^
    )
    ^
  File "/opt/hostedtoolcache/Python/3.13.2/x64/lib/python3.13/site-packages/nbclient/client.py", line 1319, in execute
    return NotebookClient(nb=nb, resources=resources, km=km, **kwargs).execute()
           ~~~~~~~~~~~~~~~~~~~~~~~~~~~~~~~~~~~~~~~~~~~~~~~~~~~~~~~~~~~~~~~~~~~^^
  File "/opt/hostedtoolcache/Python/3.13.2/x64/lib/python3.13/site-packages/jupyter_core/utils/__init__.py", line 165, in wrapped
    return loop.run_until_complete(inner)
           ~~~~~~~~~~~~~~~~~~~~~~~^^^^^^^
  File "/opt/hostedtoolcache/Python/3.13.2/x64/lib/python3.13/asyncio/base_events.py", line 725, in run_until_complete
    return future.result()
           ~~~~~~~~~~~~~^^
  File "/opt/hostedtoolcache/Python/3.13.2/x64/lib/python3.13/site-packages/nbclient/client.py", line 709, in async_execute
    await self.async_execute_cell(
        cell, index, execution_count=self.code_cells_executed + 1
    )
  File "/opt/hostedtoolcache/Python/3.13.2/x64/lib/python3.13/site-packages/nbclient/client.py", line 1062, in async_execute_cell
    await self._check_raise_for_error(cell, cell_index, exec_reply)
  File "/opt/hostedtoolcache/Python/3.13.2/x64/lib/python3.13/site-packages/nbclient/client.py", line 918, in _check_raise_for_error
    raise CellExecutionError.from_cell_and_msg(cell, exec_reply_content)
nbclient.exceptions.CellExecutionError: An error occurred while executing the following cell:
------------------
def cnot(example):
  example['num_tokens'] = len(example['tokens'])
  return example

ds = ds.map(cnot, disable_progress_bar=True)
ds
------------------


[31m---------------------------------------------------------------------------[39m
[31mTypeError[39m                                 Traceback (most recent call last)
[36mCell[39m[36m [39m[32mIn[13][39m[32m, line 5[39m
[32m      2[39m   example[[33m'[39m[33mnum_tokens[39m[33m'[39m] = [38;5;28mlen[39m(example[[33m'[39m[33mtokens[39m[33m'[39m])
[32m      3[39m   [38;5;28;01mreturn[39;00m example
[32m----> [39m[32m5[39m ds = [43mds[49m[43m.[49m[43mmap[49m[43m([49m[43mcnot[49m[43m,[49m[43m [49m[43mdisable_progress_bar[49m[43m=[49m[38;5;28;43;01mTrue[39;49;00m[43m)[49m
[32m      6[39m ds

[31mTypeError[39m: DatasetDict.map() got an unexpected keyword argument 'disable_progress_bar'

